UC求解中... (fy2023r2)
  Optimal
県別需要重み: 電力調査統計 ３－（２）都道府県別電力需要実績 2024年度（年度計） (47県, split=['新潟県', '群馬県', '神奈川県', '静岡県', '埼玉県', '東京都', '山梨県', '長野県'])

== okinawa (okinawa) mode=ac hours=0..23 (24断面) ==
  reactive-comp: factor=0.6 shunt=77 q_comp=268MVar
  built: 98バス trafo=19 (銘板0) 2s
  t= 0 ac           conv=True demand=   1,187MW slack=23.1 1.7s
  t= 1 ac           conv=True demand=   1,126MW slack=-80.1 0.0s
  t= 2 ac           conv=True demand=   1,086MW slack=20.8 0.0s
  t= 3 ac           conv=True demand=   1,045MW slack=0.5 0.0s
  t= 4 ac           conv=True demand=   1,086MW slack=20.8 0.0s
  t= 5 ac           conv=True demand=   1,180MW slack=62.2 0.0s
  t= 6 ac           conv=True demand=   1,314MW slack=27.1 0.0s
  t= 7 ac           conv=True demand=   1,464MW slack=33.6 0.0s
  t= 8 ac           conv=True demand=   1,576MW slack=143.3 0.0s
  t= 9 ac           conv=True demand=   1,628MW slack=146.9 0.0s
  t=10 ac           conv=True demand=   1,657MW slack=149.2 0.0s
  t=11 ac           conv=True demand=   1,682MW slack=151.3 0.0s
  t=12 ac           conv=True demand=   1,655MW slack=239.0 0.0s
  t=13 ac           conv=True demand=   1,649MW slack=232.0 0.0s
  t=14 ac           conv=True demand=   1,642MW slack=148.0 0.0s
  t=15 ac           conv=True demand=   1,636MW slack=147.6 0.0s
  t=16 ac           conv=True demand=   1,651MW slack=148.7 0.0s
  t=17 ac           conv=True demand=   1,646MW slack=228.8 0.0s
  t=18 ac           conv=True demand=   1,613MW slack=145.8 0.0s
  t=19 ac           conv=True demand=   1,546MW slack=121.4 0.0s
  t=20 ac           conv=True demand=   1,466MW slack=35.6 0.0s
  t=21 ac           conv=True demand=   1,386MW slack=-42.9 0.0s
  t=22 ac           conv=True demand=   1,306MW slack=26.8 0.0s
  t=23 ac           conv=True demand=   1,247MW slack=24.9 0.0s

-> docs/reports/probes/default_on_2026-07-10/allisland24h/okinawa.json
